---
source: /Users/xorcist/.cargo/registry/src/github.com-1ecc6299db9ec823/wasmer-pack-testing-0.6.0/src/autodiscover.rs
---
[
    "generated_bindings/JavaScript/package/src/bindings/index.d.ts",
    "generated_bindings/JavaScript/package/src/bindings/index.js",
    "generated_bindings/JavaScript/package/src/bindings/pulldown/intrinsics.js",
    "generated_bindings/JavaScript/package/src/bindings/pulldown/pulldown.d.ts",
    "generated_bindings/JavaScript/package/src/bindings/pulldown/pulldown.js",
    "generated_bindings/JavaScript/package/src/index.d.ts",
    "generated_bindings/JavaScript/package/src/index.js",
]
